apiVersion: admissionregistration.k8s.io/v1beta1
kind: MutatingWebhookConfiguration
metadata:
  annotations:
    cert-manager.io/inject-ca-from: kubeflow/seldon-serving-cert
  creationTimestamp: null
  labels:
    app: seldon
    app.kubernetes.io/component: seldon
    app.kubernetes.io/instance: seldon-1.15
    app.kubernetes.io/managed-by: kfctl
    app.kubernetes.io/name: seldon-core-operator
    app.kubernetes.io/part-of: kubeflow
    app.kubernetes.io/version: "1.15"
  name: seldon-mutating-webhook-configuration-kubeflow
webhooks:
- clientConfig:
    caBundle: LS0tLS1CRUdJTiBDRVJUSUZJQ0FURS0tLS0tCk1JSURCRENDQWV5Z0F3SUJBZ0lRUEVLSjNidzJaamFNR0t0Q1k5dGY4ekFOQmdrcWhraUc5dzBCQVFzRkFEQWMKTVJvd0dBWURWUVFERXhGamRYTjBiMjB0YldWMGNtbGpjeTFqWVRBZUZ3MHlNREEwTVRjd056TTRNVEZhRncweQpNVEEwTVRjd056TTRNVEZhTUJ3eEdqQVlCZ05WQkFNVEVXTjFjM1J2YlMxdFpYUnlhV056TFdOaE1JSUJJakFOCkJna3Foa2lHOXcwQkFRRUZBQU9DQVE4QU1JSUJDZ0tDQVFFQXYrNmEzUkZwNis4VXhwYWdlZk52ZktDYnk5dWQKU09jQkV0OGpDY05HY0p6MXFEQko2U0pTQzRRUXNPTklsTFl6dkFUMk10YnJaS3RLQ2FsWnVRQk1IZFozNjhtdgplYmxBV3JzS3hHdVVGaGRxc3IzZFpaMHI0Q1BRNGd2MkcxdDBlRWZNM2ZvQjZjWkdQYmh0b29FZUpqL2YwNUQvCkQ0MDJHOFBlTnNrRms3Sk8rNGl6N2dKZW1GNitVY0R6M1ZTNGc5cFlEYjYxN0l0b2c4NnlIL0lzU2hBL2QwVHcKblhDVndqOVFNd2ZwRUpLOXJHSFNKZVptOFhVb2FCOUlMUzhmZUZ5VHFZakh6NmdldzFJWW5xRldQNGwyZnRBbwpzVVhlbmc3MFNteVBLZnhXZWZydWZEdG56V3V1a1k2MHExUVZraWxJS1Q3L0NJUk51NFJiYTJsemJ3SURBUUFCCm8wSXdRREFPQmdOVkhROEJBZjhFQkFNQ0FxUXdIUVlEVlIwbEJCWXdGQVlJS3dZQkJRVUhBd0VHQ0NzR0FRVUYKQndNQ01BOEdBMVVkRXdFQi93UUZNQU1CQWY4d0RRWUpLb1pJaHZjTkFRRUxCUUFEZ2dFQkFJZjJ5TVVveHZnTgorU2g0MFhQdnpQT0ZEZyswSE84OHNUc05lc2FIZDNmU0w0dVFGOFN2M3l0RzFxZUVYZ0lXS2JoMXowRTNDMzZuCmVsQ0lma2xhSjhWYzlRRitEL1RzQ0VISHpUM3VmVTVTOFBuYlFwbkN6YXdFMlpDRzBHazdSbmQ4SytkeG9yWFgKM05jV2laZ2R0LzVTR2s3NDlwVTdUeVZUNEc1bk5BY20yUjRmMEgxSE1CeTA5QkgwUnRQNUtPVGNCM2VzUnJtZAo0TUFqSDl6bnVqbzRSZVhVV2gvd2NVNGhvZUNqak5tTDJVLzBDNlVGemxuOUNTSEN5aEgxb2FOY0QyUnIyMlNSClZ3c2hRS0hwcWpZa0NOUnFvQkFSNnErWFZWZEVodjgvTGhibm4rL3NIQ0ZzYzNGMC9OWWRXTFFLUFM5Qk11RDUKNXBPaGx1WmpRcWc9Ci0tLS0tRU5EIENFUlRJRklDQVRFLS0tLS0K
    service:
      name: seldon-webhook-service
      namespace: kubeflow
      path: /mutate-machinelearning-seldon-io-v1-seldondeployment
  failurePolicy: Fail
  name: v1.mseldondeployment.kb.io
  namespaceSelector:
    matchExpressions:
    - key: seldon.io/controller-id
      operator: DoesNotExist
    matchLabels:
      serving.kubeflow.org/inferenceservice: enabled
  rules:
  - apiGroups:
    - machinelearning.seldon.io
    apiVersions:
    - v1
    operations:
    - CREATE
    - UPDATE
    resources:
    - seldondeployments
- clientConfig:
    caBundle: LS0tLS1CRUdJTiBDRVJUSUZJQ0FURS0tLS0tCk1JSURCRENDQWV5Z0F3SUJBZ0lRUEVLSjNidzJaamFNR0t0Q1k5dGY4ekFOQmdrcWhraUc5dzBCQVFzRkFEQWMKTVJvd0dBWURWUVFERXhGamRYTjBiMjB0YldWMGNtbGpjeTFqWVRBZUZ3MHlNREEwTVRjd056TTRNVEZhRncweQpNVEEwTVRjd056TTRNVEZhTUJ3eEdqQVlCZ05WQkFNVEVXTjFjM1J2YlMxdFpYUnlhV056TFdOaE1JSUJJakFOCkJna3Foa2lHOXcwQkFRRUZBQU9DQVE4QU1JSUJDZ0tDQVFFQXYrNmEzUkZwNis4VXhwYWdlZk52ZktDYnk5dWQKU09jQkV0OGpDY05HY0p6MXFEQko2U0pTQzRRUXNPTklsTFl6dkFUMk10YnJaS3RLQ2FsWnVRQk1IZFozNjhtdgplYmxBV3JzS3hHdVVGaGRxc3IzZFpaMHI0Q1BRNGd2MkcxdDBlRWZNM2ZvQjZjWkdQYmh0b29FZUpqL2YwNUQvCkQ0MDJHOFBlTnNrRms3Sk8rNGl6N2dKZW1GNitVY0R6M1ZTNGc5cFlEYjYxN0l0b2c4NnlIL0lzU2hBL2QwVHcKblhDVndqOVFNd2ZwRUpLOXJHSFNKZVptOFhVb2FCOUlMUzhmZUZ5VHFZakh6NmdldzFJWW5xRldQNGwyZnRBbwpzVVhlbmc3MFNteVBLZnhXZWZydWZEdG56V3V1a1k2MHExUVZraWxJS1Q3L0NJUk51NFJiYTJsemJ3SURBUUFCCm8wSXdRREFPQmdOVkhROEJBZjhFQkFNQ0FxUXdIUVlEVlIwbEJCWXdGQVlJS3dZQkJRVUhBd0VHQ0NzR0FRVUYKQndNQ01BOEdBMVVkRXdFQi93UUZNQU1CQWY4d0RRWUpLb1pJaHZjTkFRRUxCUUFEZ2dFQkFJZjJ5TVVveHZnTgorU2g0MFhQdnpQT0ZEZyswSE84OHNUc05lc2FIZDNmU0w0dVFGOFN2M3l0RzFxZUVYZ0lXS2JoMXowRTNDMzZuCmVsQ0lma2xhSjhWYzlRRitEL1RzQ0VISHpUM3VmVTVTOFBuYlFwbkN6YXdFMlpDRzBHazdSbmQ4SytkeG9yWFgKM05jV2laZ2R0LzVTR2s3NDlwVTdUeVZUNEc1bk5BY20yUjRmMEgxSE1CeTA5QkgwUnRQNUtPVGNCM2VzUnJtZAo0TUFqSDl6bnVqbzRSZVhVV2gvd2NVNGhvZUNqak5tTDJVLzBDNlVGemxuOUNTSEN5aEgxb2FOY0QyUnIyMlNSClZ3c2hRS0hwcWpZa0NOUnFvQkFSNnErWFZWZEVodjgvTGhibm4rL3NIQ0ZzYzNGMC9OWWRXTFFLUFM5Qk11RDUKNXBPaGx1WmpRcWc9Ci0tLS0tRU5EIENFUlRJRklDQVRFLS0tLS0K
    service:
      name: seldon-webhook-service
      namespace: kubeflow
      path: /mutate-machinelearning-seldon-io-v1alpha2-seldondeployment
  failurePolicy: Fail
  name: v1alpha2.mseldondeployment.kb.io
  namespaceSelector:
    matchExpressions:
    - key: seldon.io/controller-id
      operator: DoesNotExist
    matchLabels:
      serving.kubeflow.org/inferenceservice: enabled
  rules:
  - apiGroups:
    - machinelearning.seldon.io
    apiVersions:
    - v1alpha2
    operations:
    - CREATE
    - UPDATE
    resources:
    - seldondeployments
- clientConfig:
    caBundle: LS0tLS1CRUdJTiBDRVJUSUZJQ0FURS0tLS0tCk1JSURCRENDQWV5Z0F3SUJBZ0lRUEVLSjNidzJaamFNR0t0Q1k5dGY4ekFOQmdrcWhraUc5dzBCQVFzRkFEQWMKTVJvd0dBWURWUVFERXhGamRYTjBiMjB0YldWMGNtbGpjeTFqWVRBZUZ3MHlNREEwTVRjd056TTRNVEZhRncweQpNVEEwTVRjd056TTRNVEZhTUJ3eEdqQVlCZ05WQkFNVEVXTjFjM1J2YlMxdFpYUnlhV056TFdOaE1JSUJJakFOCkJna3Foa2lHOXcwQkFRRUZBQU9DQVE4QU1JSUJDZ0tDQVFFQXYrNmEzUkZwNis4VXhwYWdlZk52ZktDYnk5dWQKU09jQkV0OGpDY05HY0p6MXFEQko2U0pTQzRRUXNPTklsTFl6dkFUMk10YnJaS3RLQ2FsWnVRQk1IZFozNjhtdgplYmxBV3JzS3hHdVVGaGRxc3IzZFpaMHI0Q1BRNGd2MkcxdDBlRWZNM2ZvQjZjWkdQYmh0b29FZUpqL2YwNUQvCkQ0MDJHOFBlTnNrRms3Sk8rNGl6N2dKZW1GNitVY0R6M1ZTNGc5cFlEYjYxN0l0b2c4NnlIL0lzU2hBL2QwVHcKblhDVndqOVFNd2ZwRUpLOXJHSFNKZVptOFhVb2FCOUlMUzhmZUZ5VHFZakh6NmdldzFJWW5xRldQNGwyZnRBbwpzVVhlbmc3MFNteVBLZnhXZWZydWZEdG56V3V1a1k2MHExUVZraWxJS1Q3L0NJUk51NFJiYTJsemJ3SURBUUFCCm8wSXdRREFPQmdOVkhROEJBZjhFQkFNQ0FxUXdIUVlEVlIwbEJCWXdGQVlJS3dZQkJRVUhBd0VHQ0NzR0FRVUYKQndNQ01BOEdBMVVkRXdFQi93UUZNQU1CQWY4d0RRWUpLb1pJaHZjTkFRRUxCUUFEZ2dFQkFJZjJ5TVVveHZnTgorU2g0MFhQdnpQT0ZEZyswSE84OHNUc05lc2FIZDNmU0w0dVFGOFN2M3l0RzFxZUVYZ0lXS2JoMXowRTNDMzZuCmVsQ0lma2xhSjhWYzlRRitEL1RzQ0VISHpUM3VmVTVTOFBuYlFwbkN6YXdFMlpDRzBHazdSbmQ4SytkeG9yWFgKM05jV2laZ2R0LzVTR2s3NDlwVTdUeVZUNEc1bk5BY20yUjRmMEgxSE1CeTA5QkgwUnRQNUtPVGNCM2VzUnJtZAo0TUFqSDl6bnVqbzRSZVhVV2gvd2NVNGhvZUNqak5tTDJVLzBDNlVGemxuOUNTSEN5aEgxb2FOY0QyUnIyMlNSClZ3c2hRS0hwcWpZa0NOUnFvQkFSNnErWFZWZEVodjgvTGhibm4rL3NIQ0ZzYzNGMC9OWWRXTFFLUFM5Qk11RDUKNXBPaGx1WmpRcWc9Ci0tLS0tRU5EIENFUlRJRklDQVRFLS0tLS0K
    service:
      name: seldon-webhook-service
      namespace: kubeflow
      path: /mutate-machinelearning-seldon-io-v1alpha3-seldondeployment
  failurePolicy: Fail
  name: v1alpha3.mseldondeployment.kb.io
  namespaceSelector:
    matchExpressions:
    - key: seldon.io/controller-id
      operator: DoesNotExist
    matchLabels:
      serving.kubeflow.org/inferenceservice: enabled
  rules:
  - apiGroups:
    - machinelearning.seldon.io
    apiVersions:
    - v1alpha3
    operations:
    - CREATE
    - UPDATE
    resources:
    - seldondeployments
