apiVersion: admissionregistration.k8s.io/v1beta1
kind: ValidatingWebhookConfiguration
metadata:
  annotations:
    cert-manager.io/inject-ca-from: kubeflow/seldon-serving-cert
  creationTimestamp: null
  labels:
    app: seldon
    app.kubernetes.io/component: seldon
    app.kubernetes.io/instance: seldon-1.15
    app.kubernetes.io/managed-by: kfctl
    app.kubernetes.io/name: seldon-core-operator
    app.kubernetes.io/part-of: kubeflow
    app.kubernetes.io/version: "1.15"
  name: seldon-validating-webhook-configuration-kubeflow
webhooks:
- clientConfig:
    caBundle: LS0tLS1CRUdJTiBDRVJUSUZJQ0FURS0tLS0tCk1JSURCVENDQWUyZ0F3SUJBZ0lSQUppU0VlblBTaU5uYnhyZ2hoa0tScjR3RFFZSktvWklodmNOQVFFTEJRQXcKSERFYU1CZ0dBMVVFQXhNUlkzVnpkRzl0TFcxbGRISnBZM010WTJFd0hoY05NakF4TURNeE1EazBNakl3V2hjTgpNakV4TURNeE1EazBNakl3V2pBY01Sb3dHQVlEVlFRREV4RmpkWE4wYjIwdGJXVjBjbWxqY3kxallUQ0NBU0l3CkRRWUpLb1pJaHZjTkFRRUJCUUFEZ2dFUEFEQ0NBUW9DZ2dFQkFMNzdQWnpJMjBhNVpFZGFXOSs3Ynkzb0M1K1kKazdzWXlXczYza2ZFU2g2ejZleHpERXpwbm12QVRIcENuWWRRWGF0YWNoNmV2RVlvQ1gvTytHQlZqRC85Vkc2VAplTTk4eE1WSnhrZUZablJIa1phRGhQNFpjVHJ1Ymc0azdtQXFsbUNKdjZKdVprZUIyTFhVa0k4ZmFGa3hJNmtmCnRnSERWK3JlNlBiUTJOTloxaXdERnpMdEU1SjU0ZkljN1BLR1hldGpDVUhwWFZxRG0waDN5emhhRzA4dUZ6Nk8KU2R6dnB6ZG50VnFqd2IrN3ZVVXFWaSsvQ2VWR1k2RElqdFRxaVNueHp1dksvM01sNU81dVNvVXVyK0Q2dVJmbQpIaUM5K1hkSE5pVXhzOG02TUNINVBGTFVKUW1uV1hSYm9SdzhMMjhMeHpuQ25RREk5SFE1cGV4SWRna0NBd0VBCkFhTkNNRUF3RGdZRFZSMFBBUUgvQkFRREFnS2tNQjBHQTFVZEpRUVdNQlFHQ0NzR0FRVUZCd01CQmdnckJnRUYKQlFjREFqQVBCZ05WSFJNQkFmOEVCVEFEQVFIL01BMEdDU3FHU0liM0RRRUJDd1VBQTRJQkFRQ0o2K0Z1ZE5NWgpNeGMydnVwaVZhY3dlMW1ydnJSc09iTDYrWnNXbDFXQ1BOUjhkZVRLbk5zZlFSYks0SDBGZXptZHd2Q09CQVBhCkU2cTIyYnJvYW5WOTVhb01tUXp5bmp0N1RzdjE1VmFvRXAxVEFEWVFGQzJyem1VQ2Nrc1crbjhHeDVRYW1QbU8KYUxmMGpVQ3JGVytWdVp1OXNpcmdLcEhidWFtTzBVc3NjT3dQRzhXMnZLWWh6NUtRZis5YjJGemt5L1hIcHUxbAp3Uno2eWQrdThOMDU1eDRISGgwdmk5ZW5xRGtYcjdxOHZ3dGZCVE1pY1JhUW5NbW9JYXFpYzVibGhaRXB1Q1R4CkJxdDk0N1NsTWFkZDh2V0tycU8walpmRnpCcXhvWWRhV3Z1a2tSOUN6T2d0b0JUaUpGUG5WeUdzYStRN3lQY2cKVDJ3M0lvK0NDTW1iCi0tLS0tRU5EIENFUlRJRklDQVRFLS0tLS0K
    service:
      name: seldon-webhook-service
      namespace: kubeflow
      path: /validate-machinelearning-seldon-io-v1-seldondeployment
  failurePolicy: Fail
  name: v1.vseldondeployment.kb.io
  namespaceSelector:
    matchExpressions:
    - key: seldon.io/controller-id
      operator: DoesNotExist
    matchLabels:
      serving.kubeflow.org/inferenceservice: enabled
  rules:
  - apiGroups:
    - machinelearning.seldon.io
    apiVersions:
    - v1
    operations:
    - CREATE
    - UPDATE
    resources:
    - seldondeployments
- clientConfig:
    caBundle: LS0tLS1CRUdJTiBDRVJUSUZJQ0FURS0tLS0tCk1JSURCVENDQWUyZ0F3SUJBZ0lSQUppU0VlblBTaU5uYnhyZ2hoa0tScjR3RFFZSktvWklodmNOQVFFTEJRQXcKSERFYU1CZ0dBMVVFQXhNUlkzVnpkRzl0TFcxbGRISnBZM010WTJFd0hoY05NakF4TURNeE1EazBNakl3V2hjTgpNakV4TURNeE1EazBNakl3V2pBY01Sb3dHQVlEVlFRREV4RmpkWE4wYjIwdGJXVjBjbWxqY3kxallUQ0NBU0l3CkRRWUpLb1pJaHZjTkFRRUJCUUFEZ2dFUEFEQ0NBUW9DZ2dFQkFMNzdQWnpJMjBhNVpFZGFXOSs3Ynkzb0M1K1kKazdzWXlXczYza2ZFU2g2ejZleHpERXpwbm12QVRIcENuWWRRWGF0YWNoNmV2RVlvQ1gvTytHQlZqRC85Vkc2VAplTTk4eE1WSnhrZUZablJIa1phRGhQNFpjVHJ1Ymc0azdtQXFsbUNKdjZKdVprZUIyTFhVa0k4ZmFGa3hJNmtmCnRnSERWK3JlNlBiUTJOTloxaXdERnpMdEU1SjU0ZkljN1BLR1hldGpDVUhwWFZxRG0waDN5emhhRzA4dUZ6Nk8KU2R6dnB6ZG50VnFqd2IrN3ZVVXFWaSsvQ2VWR1k2RElqdFRxaVNueHp1dksvM01sNU81dVNvVXVyK0Q2dVJmbQpIaUM5K1hkSE5pVXhzOG02TUNINVBGTFVKUW1uV1hSYm9SdzhMMjhMeHpuQ25RREk5SFE1cGV4SWRna0NBd0VBCkFhTkNNRUF3RGdZRFZSMFBBUUgvQkFRREFnS2tNQjBHQTFVZEpRUVdNQlFHQ0NzR0FRVUZCd01CQmdnckJnRUYKQlFjREFqQVBCZ05WSFJNQkFmOEVCVEFEQVFIL01BMEdDU3FHU0liM0RRRUJDd1VBQTRJQkFRQ0o2K0Z1ZE5NWgpNeGMydnVwaVZhY3dlMW1ydnJSc09iTDYrWnNXbDFXQ1BOUjhkZVRLbk5zZlFSYks0SDBGZXptZHd2Q09CQVBhCkU2cTIyYnJvYW5WOTVhb01tUXp5bmp0N1RzdjE1VmFvRXAxVEFEWVFGQzJyem1VQ2Nrc1crbjhHeDVRYW1QbU8KYUxmMGpVQ3JGVytWdVp1OXNpcmdLcEhidWFtTzBVc3NjT3dQRzhXMnZLWWh6NUtRZis5YjJGemt5L1hIcHUxbAp3Uno2eWQrdThOMDU1eDRISGgwdmk5ZW5xRGtYcjdxOHZ3dGZCVE1pY1JhUW5NbW9JYXFpYzVibGhaRXB1Q1R4CkJxdDk0N1NsTWFkZDh2V0tycU8walpmRnpCcXhvWWRhV3Z1a2tSOUN6T2d0b0JUaUpGUG5WeUdzYStRN3lQY2cKVDJ3M0lvK0NDTW1iCi0tLS0tRU5EIENFUlRJRklDQVRFLS0tLS0K
    service:
      name: seldon-webhook-service
      namespace: kubeflow
      path: /validate-machinelearning-seldon-io-v1alpha2-seldondeployment
  failurePolicy: Fail
  name: v1alpha2.vseldondeployment.kb.io
  namespaceSelector:
    matchExpressions:
    - key: seldon.io/controller-id
      operator: DoesNotExist
    matchLabels:
      serving.kubeflow.org/inferenceservice: enabled
  rules:
  - apiGroups:
    - machinelearning.seldon.io
    apiVersions:
    - v1alpha2
    operations:
    - CREATE
    - UPDATE
    resources:
    - seldondeployments
- clientConfig:
    caBundle: LS0tLS1CRUdJTiBDRVJUSUZJQ0FURS0tLS0tCk1JSURCVENDQWUyZ0F3SUJBZ0lSQUppU0VlblBTaU5uYnhyZ2hoa0tScjR3RFFZSktvWklodmNOQVFFTEJRQXcKSERFYU1CZ0dBMVVFQXhNUlkzVnpkRzl0TFcxbGRISnBZM010WTJFd0hoY05NakF4TURNeE1EazBNakl3V2hjTgpNakV4TURNeE1EazBNakl3V2pBY01Sb3dHQVlEVlFRREV4RmpkWE4wYjIwdGJXVjBjbWxqY3kxallUQ0NBU0l3CkRRWUpLb1pJaHZjTkFRRUJCUUFEZ2dFUEFEQ0NBUW9DZ2dFQkFMNzdQWnpJMjBhNVpFZGFXOSs3Ynkzb0M1K1kKazdzWXlXczYza2ZFU2g2ejZleHpERXpwbm12QVRIcENuWWRRWGF0YWNoNmV2RVlvQ1gvTytHQlZqRC85Vkc2VAplTTk4eE1WSnhrZUZablJIa1phRGhQNFpjVHJ1Ymc0azdtQXFsbUNKdjZKdVprZUIyTFhVa0k4ZmFGa3hJNmtmCnRnSERWK3JlNlBiUTJOTloxaXdERnpMdEU1SjU0ZkljN1BLR1hldGpDVUhwWFZxRG0waDN5emhhRzA4dUZ6Nk8KU2R6dnB6ZG50VnFqd2IrN3ZVVXFWaSsvQ2VWR1k2RElqdFRxaVNueHp1dksvM01sNU81dVNvVXVyK0Q2dVJmbQpIaUM5K1hkSE5pVXhzOG02TUNINVBGTFVKUW1uV1hSYm9SdzhMMjhMeHpuQ25RREk5SFE1cGV4SWRna0NBd0VBCkFhTkNNRUF3RGdZRFZSMFBBUUgvQkFRREFnS2tNQjBHQTFVZEpRUVdNQlFHQ0NzR0FRVUZCd01CQmdnckJnRUYKQlFjREFqQVBCZ05WSFJNQkFmOEVCVEFEQVFIL01BMEdDU3FHU0liM0RRRUJDd1VBQTRJQkFRQ0o2K0Z1ZE5NWgpNeGMydnVwaVZhY3dlMW1ydnJSc09iTDYrWnNXbDFXQ1BOUjhkZVRLbk5zZlFSYks0SDBGZXptZHd2Q09CQVBhCkU2cTIyYnJvYW5WOTVhb01tUXp5bmp0N1RzdjE1VmFvRXAxVEFEWVFGQzJyem1VQ2Nrc1crbjhHeDVRYW1QbU8KYUxmMGpVQ3JGVytWdVp1OXNpcmdLcEhidWFtTzBVc3NjT3dQRzhXMnZLWWh6NUtRZis5YjJGemt5L1hIcHUxbAp3Uno2eWQrdThOMDU1eDRISGgwdmk5ZW5xRGtYcjdxOHZ3dGZCVE1pY1JhUW5NbW9JYXFpYzVibGhaRXB1Q1R4CkJxdDk0N1NsTWFkZDh2V0tycU8walpmRnpCcXhvWWRhV3Z1a2tSOUN6T2d0b0JUaUpGUG5WeUdzYStRN3lQY2cKVDJ3M0lvK0NDTW1iCi0tLS0tRU5EIENFUlRJRklDQVRFLS0tLS0K
    service:
      name: seldon-webhook-service
      namespace: kubeflow
      path: /validate-machinelearning-seldon-io-v1alpha3-seldondeployment
  failurePolicy: Fail
  name: v1alpha3.vseldondeployment.kb.io
  namespaceSelector:
    matchExpressions:
    - key: seldon.io/controller-id
      operator: DoesNotExist
    matchLabels:
      serving.kubeflow.org/inferenceservice: enabled
  rules:
  - apiGroups:
    - machinelearning.seldon.io
    apiVersions:
    - v1alpha3
    operations:
    - CREATE
    - UPDATE
    resources:
    - seldondeployments
