apiVersion: v1
data:
  credentials: '{"gcs":{"gcsCredentialFileName":"gcloud-application-credentials.json"},"s3":{"s3AccessKeyIDName":"awsAccessKeyID","s3SecretAccessKeyName":"awsSecretAccessKey"}}'
  explainer: '{"image":"seldonio/alibiexplainer:1.6.0"}'
  predictor_servers: '{"MLFLOW_SERVER":{"protocols":{"seldon":{"defaultImageVersion":"1.6.0","image":"seldonio/mlflowserver"}}},"SKLEARN_SERVER":{"protocols":{"kfserving":{"defaultImageVersion":"0.1.1","image":"seldonio/mlserver"},"seldon":{"defaultImageVersion":"1.6.0","image":"seldonio/sklearnserver"}}},"TENSORFLOW_SERVER":{"protocols":{"seldon":{"defaultImageVersion":"1.6.0","image":"seldonio/tfserving-proxy"},"tensorflow":{"defaultImageVersion":"2.1.0","image":"tensorflow/serving"}}},"TRITON_SERVER":{"protocols":{"kfserving":{"defaultImageVersion":"20.08-py3","image":"nvcr.io/nvidia/tritonserver"}}},"XGBOOST_SERVER":{"protocols":{"kfserving":{"defaultImageVersion":"0.1.1","image":"seldonio/mlserver"},"seldon":{"defaultImageVersion":"1.6.0","image":"seldonio/xgboostserver"}}}}'
  storageInitializer: '{"cpuLimit":"1","cpuRequest":"100m","image":"gcr.io/kfserving/storage-initializer:v0.4.0","memoryLimit":"1Gi","memoryRequest":"100Mi"}'
kind: ConfigMap
metadata:
  labels:
    app: seldon
    app.kubernetes.io/component: seldon
    app.kubernetes.io/instance: seldon-1.15
    app.kubernetes.io/managed-by: kfctl
    app.kubernetes.io/name: seldon-core-operator
    app.kubernetes.io/part-of: kubeflow
    app.kubernetes.io/version: "1.15"
    control-plane: seldon-controller-manager
  name: seldon-config
  namespace: kubeflow
